<html>
<body>
<pre>
<h1>礦ision Build Log</h1>
<h2>Tool Versions:</h2>
IDE-Version: μVision V5.14.0.0
Copyright (C) 2015 ARM Ltd and ARM Germany GmbH. All rights reserved.
License Information: Fred Zhu, Junyue, LIC=EPPLQ-NJ5BG-WKAB8-3FC8W-9AMNA-N5DDZ
 
Tool Versions:
Toolchain:       MDK-ARM Professional  Version: 5.14.0.0
Toolchain Path:  C:\Keil_v5\ARM\ARMCC\Bin
C Compiler:      Armcc.exe V5.05 update 1 (build 106)
Assembler:       Armasm.exe V5.05 update 1 (build 106)
Linker/Locator:  ArmLink.exe V5.05 update 1 (build 106)
Library Manager: ArmAr.exe V5.05 update 1 (build 106)
Hex Converter:   FromElf.exe V5.05 update 1 (build 106)
CPU DLL:         SARMCM3.DLL V5.14.0.0
Dialog DLL:      DCM.DLL V1.13.1.0
Target DLL:      Segger\JL2CM3.dll V2.99.13.0
Dialog DLL:      TCM.DLL V1.14.4.0
 
<h2>Project:</h2>
E:\Work\Project\Core\Demo\STM32Core串口JY901接串口助手\MDK\Project.uvprojx
Project File Date:  01/29/2016

<h2>Output:</h2>
Build target 'Project'
compiling Main.c...
..\Source\APP\Main.c(79): warning:  #167-D: argument of type "char *" is incompatible with parameter of type "unsigned char *"
                        UART1_Put_String(str);          
..\Source\APP\Main.c(82): warning:  #167-D: argument of type "char *" is incompatible with parameter of type "unsigned char *"
                        UART1_Put_String(str);
..\Source\APP\Main.c(85): warning:  #167-D: argument of type "char *" is incompatible with parameter of type "unsigned char *"
                        UART1_Put_String(str);
..\Source\APP\Main.c(88): warning:  #167-D: argument of type "char *" is incompatible with parameter of type "unsigned char *"
                        UART1_Put_String(str);
..\Source\APP\Main.c(91): warning:  #167-D: argument of type "char *" is incompatible with parameter of type "unsigned char *"
                        UART1_Put_String(str);          
..\Source\APP\Main.c(94): warning:  #167-D: argument of type "char *" is incompatible with parameter of type "unsigned char *"
                        UART1_Put_String(str);
..\Source\APP\Main.c(97): warning:  #167-D: argument of type "char *" is incompatible with parameter of type "unsigned char *"
                        UART1_Put_String(str);
..\Source\APP\Main.c(100): warning:  #167-D: argument of type "char *" is incompatible with parameter of type "unsigned char *"
                        UART1_Put_String(str);
..\Source\APP\Main.c(103): warning:  #167-D: argument of type "char *" is incompatible with parameter of type "unsigned char *"
                        UART1_Put_String(str);
..\Source\APP\Main.c(66): warning:  #177-D: variable "len" was declared but never referenced
        unsigned char len,i;
..\Source\APP\Main.c(66): warning:  #177-D: variable "i" was declared but never referenced
        unsigned char len,i;
..\Source\APP\Main.c: 11 warnings, 0 errors
linking...
Program Size: Code=16464 RO-data=488 RW-data=424 ZI-data=4584  
FromELF: creating hex file...
".\Obj\Project.axf" - 0 Error(s), 11 Warning(s).

<h2>Software Packages used:</h2>

Package Vendor: ARM
                http://www.keil.com/pack/ARM.CMSIS.4.2.0.pack
                ARM::CMSIS:CORE:3.40.0
                CMSIS (Cortex Microcontroller Software Interface Standard)
   * Component: CORE Version: 3.40.0

<h2>Collection of Component include folders:</h2>
  E:\Work\Project\Core\Demo\STM32Core串口JY901接串口助手\MDK\RTE
  C:\Keil_v5\ARM\PACK\ARM\CMSIS\4.2.0\CMSIS\Include
  C:\Keil_v5\ARM\PACK\Keil\STM32F1xx_DFP\1.0.4\Device\Include

<h2>Collection of Component Files used:</h2>

   * Component: ARM::CMSIS:CORE:3.40.0
      Source file:   CMSIS\UserCodeTemplates\ARM\ITM_Retarget.c
</pre>
</body>
</html>
